// Jest Snapshot v1, https://goo.gl/fbAQLP

exports[`Testing App component should render correctly 1`] = `"<nav class=\\"menu\\"><div class=\\"logo\\"><img src=\\"logo3.png\\" alt=\\"Vulpes\\"/></div><ul class=\\"lista\\"><li><a class=\\"active\\" href=\\"/\\">HOME</a></li><li><a class=\\"\\" href=\\"/loja\\">LOJA</a></li><li><a class=\\"\\" href=\\"/equipes\\">EQUIPES</a></li><li><a class=\\"\\" href=\\"/parceiros\\">PARCEIROS</a></li><li><a class=\\"\\" href=\\"/sobre\\">SOBRE</a></li></ul></nav><div class=\\"container\\"><div class=\\"content\\"><h1 class=\\"titulo\\">VULPES</h1><p>Olá, nós somos um time competitivo de eSport.</p><a href=\\"/sobre\\"><button class=\\"btn\\">VER MAIS</button></a></div><div class=\\"direita\\"><img src=\\"avatar.png\\" alt=\\"Avatar\\"/></div></div>"`;
